Logging to: /Users/seihoushouba/Oshomadesse-pc/11_Engineering/📖 books-summary/data/integrated/integrated_run_20260104.log
Logging to: /Users/seihoushouba/Oshomadesse-pc/11_Engineering/📖 books-summary/data/integrated/integrated_run_20260104.log
=========== Step9: 除外本リストへ追記 ===========
📝 追記行: ['2026-01-04', '🧠 伝え方が9割', '佐々木圭一', '自己啓発']
DEBUG: GOOGLE_SERVICE_ACCOUNT_JSON_PATH is set: /Users/seihoushouba/Oshomadesse-pc/11_Engineering/🍳 menu-shopping/data/service_account.json
❌ Step9: gspread での追記に失敗: HTTPSConnectionPool(host='oauth2.googleapis.com', port=443): Max retries exceeded with url: /token (Caused by NameResolutionError("<urllib3.connection.HTTPSConnection object at 0x10d9e6fd0>: Failed to resolve 'oauth2.googleapis.com' ([Errno 8] nodename nor servname provided, or not known)"))
=========== Step9: 除外本リストへ追記 ===========
📝 追記行: ['2026-01-04', '🧠 モチベーション3.0 持続する「やる気！」をいかに引き出すか', 'ダニエル・ピンク', '自己啓発']
DEBUG: GOOGLE_SERVICE_ACCOUNT_JSON_PATH is set: /Users/seihoushouba/Oshomadesse-pc/11_Engineering/🍳 menu-shopping/data/service_account.json
❌ Step9: gspread での追記に失敗: HTTPSConnectionPool(host='oauth2.googleapis.com', port=443): Max retries exceeded with url: /token (Caused by NameResolutionError("<urllib3.connection.HTTPSConnection object at 0x10dac1090>: Failed to resolve 'oauth2.googleapis.com' ([Errno 8] nodename nor servname provided, or not known)"))
=========== Step9: 除外本リストへ追記 ===========
📝 追記行: ['2026-01-04', '🧠 静かな人たちの戦略', 'スーザン・ケイン', '心理学']
DEBUG: GOOGLE_SERVICE_ACCOUNT_JSON_PATH is set: /Users/seihoushouba/Oshomadesse-pc/11_Engineering/🍳 menu-shopping/data/service_account.json
❌ Step9: gspread での追記に失敗: HTTPSConnectionPool(host='oauth2.googleapis.com', port=443): Max retries exceeded with url: /token (Caused by NameResolutionError("<urllib3.connection.HTTPSConnection object at 0x10dac2850>: Failed to resolve 'oauth2.googleapis.com' ([Errno 8] nodename nor servname provided, or not known)"))
=========== Step9: 除外本リストへ追記 ===========
📝 追記行: ['2026-01-04', '🧠 問題解決プロフェッショナル', '齋藤 嘉則', 'ビジネス']
DEBUG: GOOGLE_SERVICE_ACCOUNT_JSON_PATH is set: /Users/seihoushouba/Oshomadesse-pc/11_Engineering/🍳 menu-shopping/data/service_account.json
❌ Step9: gspread での追記に失敗: HTTPSConnectionPool(host='oauth2.googleapis.com', port=443): Max retries exceeded with url: /token (Caused by NameResolutionError("<urllib3.connection.HTTPSConnection object at 0x10d9e7d90>: Failed to resolve 'oauth2.googleapis.com' ([Errno 8] nodename nor servname provided, or not known)"))
=========== Step9: 除外本リストへ追記 ===========
📝 追記行: ['2026-01-04', '🧠 両利きの経営', 'チャールズ・A・オライリー、マイケル・L・タッシュマン', 'ビジネス']
DEBUG: GOOGLE_SERVICE_ACCOUNT_JSON_PATH is set: /Users/seihoushouba/Oshomadesse-pc/11_Engineering/🍳 menu-shopping/data/service_account.json
❌ Step9: gspread での追記に失敗: HTTPSConnectionPool(host='oauth2.googleapis.com', port=443): Max retries exceeded with url: /token (Caused by NameResolutionError("<urllib3.connection.HTTPSConnection object at 0x10d9e6ad0>: Failed to resolve 'oauth2.googleapis.com' ([Errno 8] nodename nor servname provided, or not known)"))
=========== Step9: 除外本リストへ追記 ===========
📝 追記行: ['2026-01-04', '🧠 勉強の哲学 来たるべき学びの形', '千葉 雅也', '自己啓発']
DEBUG: GOOGLE_SERVICE_ACCOUNT_JSON_PATH is set: /Users/seihoushouba/Oshomadesse-pc/11_Engineering/🍳 menu-shopping/data/service_account.json
❌ Step9: gspread での追記に失敗: HTTPSConnectionPool(host='oauth2.googleapis.com', port=443): Max retries exceeded with url: /token (Caused by NameResolutionError("<urllib3.connection.HTTPSConnection object at 0x10dab4190>: Failed to resolve 'oauth2.googleapis.com' ([Errno 8] nodename nor servname provided, or not known)"))
=========== Step9: 除外本リストへ追記 ===========
📝 追記行: ['2026-01-04', '🧠 道は開ける', 'デール・カーネギー', '自己啓発']
DEBUG: GOOGLE_SERVICE_ACCOUNT_JSON_PATH is set: /Users/seihoushouba/Oshomadesse-pc/11_Engineering/🍳 menu-shopping/data/service_account.json
❌ Step9: gspread での追記に失敗: HTTPSConnectionPool(host='oauth2.googleapis.com', port=443): Max retries exceeded with url: /token (Caused by NameResolutionError("<urllib3.connection.HTTPSConnection object at 0x10dab4e10>: Failed to resolve 'oauth2.googleapis.com' ([Errno 8] nodename nor servname provided, or not known)"))
=========== Step9: 除外本リストへ追記 ===========
📝 追記行: ['2026-01-04', '🧠 両利きの経営 「二兎を追う」戦略が未来をひらく', 'チャールズ・A・オライリー', 'ビジネス']
DEBUG: GOOGLE_SERVICE_ACCOUNT_JSON_PATH is set: /Users/seihoushouba/Oshomadesse-pc/11_Engineering/🍳 menu-shopping/data/service_account.json
❌ Step9: gspread での追記に失敗: HTTPSConnectionPool(host='oauth2.googleapis.com', port=443): Max retries exceeded with url: /token (Caused by NameResolutionError("<urllib3.connection.HTTPSConnection object at 0x10dab5a90>: Failed to resolve 'oauth2.googleapis.com' ([Errno 8] nodename nor servname provided, or not known)"))
Logging to: /Users/seihoushouba/Oshomadesse-pc/11_Engineering/📖 books-summary/data/integrated/integrated_run_20260104.log
=========== Step9: 除外本リストへ追記 ===========
📝 追記行: ['2026-01-04', '🧠 伝え方が9割', '佐々木圭一', '自己啓発']
DEBUG: GOOGLE_SERVICE_ACCOUNT_JSON_PATH is set: /Users/seihoushouba/Oshomadesse-pc/11_Engineering/🍳 menu-shopping/data/service_account.json
❌ Step9: gspread での追記に失敗: HTTPSConnectionPool(host='oauth2.googleapis.com', port=443): Max retries exceeded with url: /token (Caused by NameResolutionError("<urllib3.connection.HTTPSConnection object at 0x1101dafd0>: Failed to resolve 'oauth2.googleapis.com' ([Errno 8] nodename nor servname provided, or not known)"))
=========== Step9: 除外本リストへ追記 ===========
📝 追記行: ['2026-01-04', '🧠 モチベーション3.0 持続する「やる気！」をいかに引き出すか', 'ダニエル・ピンク', '自己啓発']
DEBUG: GOOGLE_SERVICE_ACCOUNT_JSON_PATH is set: /Users/seihoushouba/Oshomadesse-pc/11_Engineering/🍳 menu-shopping/data/service_account.json
❌ Step9: gspread での追記に失敗: HTTPSConnectionPool(host='oauth2.googleapis.com', port=443): Max retries exceeded with url: /token (Caused by NameResolutionError("<urllib3.connection.HTTPSConnection object at 0x1102b5090>: Failed to resolve 'oauth2.googleapis.com' ([Errno 8] nodename nor servname provided, or not known)"))
=========== Step9: 除外本リストへ追記 ===========
📝 追記行: ['2026-01-04', '🧠 静かな人たちの戦略', 'スーザン・ケイン', '心理学']
DEBUG: GOOGLE_SERVICE_ACCOUNT_JSON_PATH is set: /Users/seihoushouba/Oshomadesse-pc/11_Engineering/🍳 menu-shopping/data/service_account.json
❌ Step9: gspread での追記に失敗: HTTPSConnectionPool(host='oauth2.googleapis.com', port=443): Max retries exceeded with url: /token (Caused by NameResolutionError("<urllib3.connection.HTTPSConnection object at 0x1102b6850>: Failed to resolve 'oauth2.googleapis.com' ([Errno 8] nodename nor servname provided, or not known)"))
=========== Step9: 除外本リストへ追記 ===========
📝 追記行: ['2026-01-04', '🧠 問題解決プロフェッショナル', '齋藤 嘉則', 'ビジネス']
DEBUG: GOOGLE_SERVICE_ACCOUNT_JSON_PATH is set: /Users/seihoushouba/Oshomadesse-pc/11_Engineering/🍳 menu-shopping/data/service_account.json
❌ Step9: gspread での追記に失敗: HTTPSConnectionPool(host='oauth2.googleapis.com', port=443): Max retries exceeded with url: /token (Caused by NameResolutionError("<urllib3.connection.HTTPSConnection object at 0x1101dbd90>: Failed to resolve 'oauth2.googleapis.com' ([Errno 8] nodename nor servname provided, or not known)"))
=========== Step9: 除外本リストへ追記 ===========
📝 追記行: ['2026-01-04', '🧠 両利きの経営', 'チャールズ・A・オライリー、マイケル・L・タッシュマン', 'ビジネス']
DEBUG: GOOGLE_SERVICE_ACCOUNT_JSON_PATH is set: /Users/seihoushouba/Oshomadesse-pc/11_Engineering/🍳 menu-shopping/data/service_account.json
❌ Step9: gspread での追記に失敗: HTTPSConnectionPool(host='oauth2.googleapis.com', port=443): Max retries exceeded with url: /token (Caused by NameResolutionError("<urllib3.connection.HTTPSConnection object at 0x1101daad0>: Failed to resolve 'oauth2.googleapis.com' ([Errno 8] nodename nor servname provided, or not known)"))
=========== Step9: 除外本リストへ追記 ===========
📝 追記行: ['2026-01-04', '🧠 勉強の哲学 来たるべき学びの形', '千葉 雅也', '自己啓発']
DEBUG: GOOGLE_SERVICE_ACCOUNT_JSON_PATH is set: /Users/seihoushouba/Oshomadesse-pc/11_Engineering/🍳 menu-shopping/data/service_account.json
❌ Step9: gspread での追記に失敗: HTTPSConnectionPool(host='oauth2.googleapis.com', port=443): Max retries exceeded with url: /token (Caused by NameResolutionError("<urllib3.connection.HTTPSConnection object at 0x1102a8190>: Failed to resolve 'oauth2.googleapis.com' ([Errno 8] nodename nor servname provided, or not known)"))
=========== Step9: 除外本リストへ追記 ===========
📝 追記行: ['2026-01-04', '🧠 道は開ける', 'デール・カーネギー', '自己啓発']
DEBUG: GOOGLE_SERVICE_ACCOUNT_JSON_PATH is set: /Users/seihoushouba/Oshomadesse-pc/11_Engineering/🍳 menu-shopping/data/service_account.json
❌ Step9: gspread での追記に失敗: HTTPSConnectionPool(host='oauth2.googleapis.com', port=443): Max retries exceeded with url: /token (Caused by NameResolutionError("<urllib3.connection.HTTPSConnection object at 0x1102a8e10>: Failed to resolve 'oauth2.googleapis.com' ([Errno 8] nodename nor servname provided, or not known)"))
=========== Step9: 除外本リストへ追記 ===========
📝 追記行: ['2026-01-04', '🧠 両利きの経営 「二兎を追う」戦略が未来をひらく', 'チャールズ・A・オライリー', 'ビジネス']
DEBUG: GOOGLE_SERVICE_ACCOUNT_JSON_PATH is set: /Users/seihoushouba/Oshomadesse-pc/11_Engineering/🍳 menu-shopping/data/service_account.json
❌ Step9: gspread での追記に失敗: HTTPSConnectionPool(host='oauth2.googleapis.com', port=443): Max retries exceeded with url: /token (Caused by NameResolutionError("<urllib3.connection.HTTPSConnection object at 0x1102a9a90>: Failed to resolve 'oauth2.googleapis.com' ([Errno 8] nodename nor servname provided, or not known)"))
Logging to: /Users/seihoushouba/Oshomadesse-pc/11_Engineering/📖 books-summary/data/integrated/integrated_run_20260104.log
=========== Step9: 除外本リストへ追記 ===========
📝 追記行: ['2026-01-04', '両利きの経営 「二兎を追う」戦略が未来をひらく', 'チャールズ・A・オライリー', 'ビジネス']
Logging to: /Users/seihoushouba/Oshomadesse-pc/11_Engineering/📖 books-summary/data/integrated/integrated_run_20260104.log
=========== Step9: 除外本リストへ追記 ===========
📝 追記行: ['2026-01-04', '両利きの経営 「二兎を追う」戦略が未来をひらく', 'チャールズ・A・オライリー', 'ビジネス']
DEBUG: GOOGLE_APPLICATION_CREDENTIALS found: /Users/seihoushouba/Oshomadesse-pc/11_Engineering/🍳 menu-shopping/data/service_account.json (size=2380 bytes, head='{\n  "type": "service')
❌ Step9: gspread での追記に失敗: ('invalid_grant: Invalid grant: account not found', {'error': 'invalid_grant', 'error_description': 'Invalid grant: account not found'})
Logging to: /Users/seihoushouba/Oshomadesse-pc/11_Engineering/📖 books-summary/data/integrated/integrated_run_20260104.log
=========== Step9: 除外本リストへ追記 ===========
📝 追記行: ['2026-01-04', '両利きの経営 「二兎を追う」戦略が未来をひらく', 'チャールズ・A・オライリー', 'ビジネス']
DEBUG: GOOGLE_SERVICE_ACCOUNT_JSON is set (len=2379)
❌ Step9: gspread での追記に失敗: ('invalid_grant: Invalid grant: account not found', {'error': 'invalid_grant', 'error_description': 'Invalid grant: account not found'})
Logging to: /Users/seihoushouba/Oshomadesse-pc/11_Engineering/📖 books-summary/data/integrated/integrated_run_20260104.log
=========== Step9: 除外本リストへ追記 ===========
📝 追記行: ['2026-01-04', '両利きの経営 「二兎を追う」戦略が未来をひらく', 'チャールズ・A・オライリー', 'ビジネス']
DEBUG: GOOGLE_SERVICE_ACCOUNT_JSON is set (len=2362)
✅ Step9: gspread で追記に成功 (row=137)
Logging to: /Users/seihoushouba/Oshomadesse-pc/11_Engineering/📖 books-summary/data/integrated/integrated_run_20260104.log
=========== Step9: 除外本リストへ追記 ===========
📝 追記行: ['2026-01-04', '🧠 伝え方が9割', '佐々木圭一', '自己啓発']
DEBUG: GOOGLE_SERVICE_ACCOUNT_JSON is set (len=2362)
✅ Step9: gspread で追記に成功 (row=138)
=========== Step9: 除外本リストへ追記 ===========
📝 追記行: ['2026-01-04', '🧠 モチベーション3.0 持続する「やる気！」をいかに引き出すか', 'ダニエル・ピンク', '自己啓発']
DEBUG: GOOGLE_SERVICE_ACCOUNT_JSON is set (len=2362)
Logging to: /Users/seihoushouba/Oshomadesse-pc/11_Engineering/📖 books-summary/data/integrated/integrated_run_20260104.log
=========== Step9: 除外本リストへ追記 ===========
📝 追記行: ['2026-01-04', '🧠 モチベーション3.0 持続する「やる気！」をいかに引き出すか', 'ダニエル・ピンク', '自己啓発']
DEBUG: GOOGLE_SERVICE_ACCOUNT_JSON is set (len=2362)
✅ Step9: gspread で追記に成功 (row=140)
=========== Step9: 除外本リストへ追記 ===========
📝 追記行: ['2026-01-04', '🧠 静かな人たちの戦略', 'スーザン・ケイン', '心理学']
DEBUG: GOOGLE_SERVICE_ACCOUNT_JSON is set (len=2362)
✅ Step9: gspread で追記に成功 (row=141)
=========== Step9: 除外本リストへ追記 ===========
📝 追記行: ['2026-01-04', '🧠 問題解決プロフェッショナル', '齋藤 嘉則', 'ビジネス']
DEBUG: GOOGLE_SERVICE_ACCOUNT_JSON is set (len=2362)
✅ Step9: gspread で追記に成功 (row=142)
=========== Step9: 除外本リストへ追記 ===========
📝 追記行: ['2026-01-04', '🧠 両利きの経営', 'チャールズ・A・オライリー、マイケル・L・タッシュマン', 'ビジネス']
DEBUG: GOOGLE_SERVICE_ACCOUNT_JSON is set (len=2362)
✅ Step9: gspread で追記に成功 (row=143)
=========== Step9: 除外本リストへ追記 ===========
📝 追記行: ['2026-01-04', '🧠 勉強の哲学 来たるべき学びの形', '千葉 雅也', '自己啓発']
DEBUG: GOOGLE_SERVICE_ACCOUNT_JSON is set (len=2362)
✅ Step9: gspread で追記に成功 (row=144)
=========== Step9: 除外本リストへ追記 ===========
📝 追記行: ['2026-01-04', '🧠 道は開ける', 'デール・カーネギー', '自己啓発']
DEBUG: GOOGLE_SERVICE_ACCOUNT_JSON is set (len=2362)
✅ Step9: gspread で追記に成功 (row=145)
